Started GET "/" for 127.0.0.1 at 2026-06-04 18:30:39 +0300
  [1m[35m (3.0ms)[0m  [1m[35mCREATE TABLE "schema_migrations" ("version" varchar NOT NULL PRIMARY KEY) /*application='Projects'*/[0m
  [1m[35m (0.4ms)[0m  [1m[35mCREATE TABLE "ar_internal_metadata" ("key" varchar NOT NULL PRIMARY KEY, "value" varchar, "created_at" datetime(6) NOT NULL, "updated_at" datetime(6) NOT NULL) /*application='Projects'*/[0m
  [1m[36mActiveRecord::SchemaMigration Load (0.3ms)[0m  [1m[34mSELECT "schema_migrations"."version" FROM "schema_migrations" ORDER BY "schema_migrations"."version" ASC /*application='Projects'*/[0m
Processing by Rails::WelcomeController#index as HTML
  Rendering /home/shisher_pc/.local/share/mise/installs/ruby/3.4.9/lib/ruby/gems/3.4.0/gems/railties-8.1.3/lib/rails/templates/rails/welcome/index.html.erb
  Rendered /home/shisher_pc/.local/share/mise/installs/ruby/3.4.9/lib/ruby/gems/3.4.0/gems/railties-8.1.3/lib/rails/templates/rails/welcome/index.html.erb (Duration: 1.4ms | GC: 0.0ms)
Completed 200 OK in 38ms (Views: 10.0ms | ActiveRecord: 0.0ms (0 queries, 0 cached) | GC: 0.0ms)


Started GET "/icon.png" for 127.0.0.1 at 2026-06-04 18:30:40 +0300
  
ActionController::RoutingError (No route matches [GET] "/icon.png"):
  
  [1m[35mSQL (0.8ms)[0m  [1m[35mSET search_path TO public /*application='Projects'*/[0m
  [1m[35m (124.7ms)[0m  [1m[35mCREATE DATABASE "storage/development"."sqlite3" ENCODING = 'unicode' /*application='Projects'*/[0m
  [1m[35mSQL (0.2ms)[0m  [1m[35mSET search_path TO public /*application='Projects'*/[0m
  [1m[35m (144.2ms)[0m  [1m[35mCREATE DATABASE "hotel_booking_development" ENCODING = 'unicode' /*application='Projects'*/[0m
  [1m[35mSQL (0.1ms)[0m  [1m[35mSET search_path TO public /*application='Projects'*/[0m
  [1m[35m (169.2ms)[0m  [1m[35mCREATE DATABASE "hotel_booking_test" ENCODING = 'unicode' /*application='Projects'*/[0m
  [1m[35m (11.6ms)[0m  [1m[35mCREATE TABLE "schema_migrations" ("version" character varying NOT NULL PRIMARY KEY) /*application='Projects'*/[0m
  [1m[35m (7.0ms)[0m  [1m[35mCREATE TABLE "ar_internal_metadata" ("key" character varying NOT NULL PRIMARY KEY, "value" character varying, "created_at" timestamp(6) NOT NULL, "updated_at" timestamp(6) NOT NULL) /*application='Projects'*/[0m
  [1m[35m (0.7ms)[0m  [1m[34mSELECT pg_try_advisory_lock(2007751681948843530) /*application='Projects'*/[0m
  [1m[36mActiveRecord::SchemaMigration Load (0.5ms)[0m  [1m[34mSELECT "schema_migrations"."version" FROM "schema_migrations" ORDER BY "schema_migrations"."version" ASC /*application='Projects'*/[0m
  [1m[36mActiveRecord::InternalMetadata Load (0.7ms)[0m  [1m[34mSELECT * FROM "ar_internal_metadata" WHERE "ar_internal_metadata"."key" = 'environment' ORDER BY "ar_internal_metadata"."key" ASC LIMIT 1 /*application='Projects'*/[0m
  [1m[36mActiveRecord::InternalMetadata Create (1.7ms)[0m  [1m[32mINSERT INTO "ar_internal_metadata" ("key", "value", "created_at", "updated_at") VALUES ('environment', 'development', '2026-06-14 12:05:03.641532', '2026-06-14 12:05:03.641535') RETURNING "key" /*application='Projects'*/[0m
Migrating to CreateUsers (20260614120017)
  [1m[36mTRANSACTION (0.2ms)[0m  [1m[35mBEGIN /*application='Projects'*/[0m
  [1m[35mSQL (8.4ms)[0m  [1m[35mCREATE EXTENSION IF NOT EXISTS "pgcrypto" /*application='Projects'*/[0m
  [1m[35m (7.0ms)[0m  [1m[35mCREATE TABLE "users" ("id" uuid DEFAULT gen_random_uuid() NOT NULL PRIMARY KEY, "user_type" character varying, "name" character varying, "email" character varying, "created_at" timestamp(6) NOT NULL, "updated_at" timestamp(6) NOT NULL) /*application='Projects'*/[0m
  [1m[36mActiveRecord::SchemaMigration Create (0.6ms)[0m  [1m[32mINSERT INTO "schema_migrations" ("version") VALUES ('20260614120017') RETURNING "version" /*application='Projects'*/[0m
  [1m[36mTRANSACTION (1.1ms)[0m  [1m[35mCOMMIT /*application='Projects'*/[0m
Migrating to CreateHotels (20260614120114)
  [1m[36mTRANSACTION (0.2ms)[0m  [1m[35mBEGIN /*application='Projects'*/[0m
  [1m[35m (5.8ms)[0m  [1m[35mCREATE TABLE "hotels" ("id" uuid DEFAULT gen_random_uuid() NOT NULL PRIMARY KEY, "manager_id" uuid NOT NULL, "name" character varying, "description" text, "address" character varying, "lat" decimal(10,6), "lng" decimal(10,6), "created_at" timestamp(6) NOT NULL, "updated_at" timestamp(6) NOT NULL, CONSTRAINT "fk_rails_837b2d6554"
FOREIGN KEY ("manager_id")
  REFERENCES "users" ("id")
) /*application='Projects'*/[0m
  [1m[35m (2.6ms)[0m  [1m[35mCREATE INDEX "index_hotels_on_manager_id" ON "hotels" ("manager_id") /*application='Projects'*/[0m
  [1m[36mActiveRecord::SchemaMigration Create (0.3ms)[0m  [1m[32mINSERT INTO "schema_migrations" ("version") VALUES ('20260614120114') RETURNING "version" /*application='Projects'*/[0m
  [1m[36mTRANSACTION (0.9ms)[0m  [1m[35mCOMMIT /*application='Projects'*/[0m
Migrating to CreateRooms (20260614120119)
  [1m[36mTRANSACTION (0.3ms)[0m  [1m[35mBEGIN /*application='Projects'*/[0m
  [1m[35m (4.3ms)[0m  [1m[35mCREATE TABLE "rooms" ("id" uuid DEFAULT gen_random_uuid() NOT NULL PRIMARY KEY, "hotel_id" uuid NOT NULL, "room_number" character varying, "room_type" character varying, "created_at" timestamp(6) NOT NULL, "updated_at" timestamp(6) NOT NULL, CONSTRAINT "fk_rails_cae2c0f55d"
FOREIGN KEY ("hotel_id")
  REFERENCES "hotels" ("id")
) /*application='Projects'*/[0m
  [1m[35m (2.4ms)[0m  [1m[35mCREATE INDEX "index_rooms_on_hotel_id" ON "rooms" ("hotel_id") /*application='Projects'*/[0m
  [1m[36mActiveRecord::SchemaMigration Create (0.3ms)[0m  [1m[32mINSERT INTO "schema_migrations" ("version") VALUES ('20260614120119') RETURNING "version" /*application='Projects'*/[0m
  [1m[36mTRANSACTION (0.9ms)[0m  [1m[35mCOMMIT /*application='Projects'*/[0m
Migrating to CreateBookings (20260614120122)
  [1m[36mTRANSACTION (0.3ms)[0m  [1m[35mBEGIN /*application='Projects'*/[0m
  [1m[35m (6.1ms)[0m  [1m[35mCREATE TABLE "bookings" ("id" uuid DEFAULT gen_random_uuid() NOT NULL PRIMARY KEY, "user_id" uuid NOT NULL, "hotel_id" uuid NOT NULL, "room_id" uuid NOT NULL, "status" character varying, "check_in_date" date, "check_out_date" date, "total_price" decimal(10,2), "created_at" timestamp(6) NOT NULL, "updated_at" timestamp(6) NOT NULL, CONSTRAINT "fk_rails_ef0571f117"
FOREIGN KEY ("user_id")
  REFERENCES "users" ("id")
, CONSTRAINT "fk_rails_5779f034b0"
FOREIGN KEY ("hotel_id")
  REFERENCES "hotels" ("id")
, CONSTRAINT "fk_rails_4fe21eabc6"
FOREIGN KEY ("room_id")
  REFERENCES "rooms" ("id")
) /*application='Projects'*/[0m
  [1m[35m (1.9ms)[0m  [1m[35mCREATE INDEX "index_bookings_on_user_id" ON "bookings" ("user_id") /*application='Projects'*/[0m
  [1m[35m (1.9ms)[0m  [1m[35mCREATE INDEX "index_bookings_on_hotel_id" ON "bookings" ("hotel_id") /*application='Projects'*/[0m
  [1m[35m (1.8ms)[0m  [1m[35mCREATE INDEX "index_bookings_on_room_id" ON "bookings" ("room_id") /*application='Projects'*/[0m
  [1m[36mActiveRecord::SchemaMigration Create (0.4ms)[0m  [1m[32mINSERT INTO "schema_migrations" ("version") VALUES ('20260614120122') RETURNING "version" /*application='Projects'*/[0m
  [1m[36mTRANSACTION (1.2ms)[0m  [1m[35mCOMMIT /*application='Projects'*/[0m
  [1m[35m (0.3ms)[0m  [1m[34mSELECT pg_advisory_unlock(2007751681948843530) /*application='Projects'*/[0m
  [1m[36mActiveRecord::SchemaMigration Load (0.2ms)[0m  [1m[34mSELECT "schema_migrations"."version" FROM "schema_migrations" ORDER BY "schema_migrations"."version" ASC /*application='Projects'*/[0m
  [1m[35mSQL (0.2ms)[0m  [1m[35mSET search_path TO public /*application='Projects'*/[0m
  [1m[35mSQL (0.2ms)[0m  [1m[35mSET search_path TO "$user", public /*application='Projects'*/[0m
  [1m[35mSQL (0.1ms)[0m  [1m[35mSET search_path TO public /*application='Projects'*/[0m
  [1m[35mSQL (0.1ms)[0m  [1m[35mSET search_path TO "$user", public /*application='Projects'*/[0m
  [1m[35m (0.9ms)[0m  [1m[34mSELECT pg_try_advisory_lock(2007751681948843530) /*application='Projects'*/[0m
  [1m[36mActiveRecord::SchemaMigration Load (1.9ms)[0m  [1m[34mSELECT "schema_migrations"."version" FROM "schema_migrations" ORDER BY "schema_migrations"."version" ASC /*application='Projects'*/[0m
  [1m[36mActiveRecord::InternalMetadata Load (2.3ms)[0m  [1m[34mSELECT * FROM "ar_internal_metadata" WHERE "ar_internal_metadata"."key" = 'environment' ORDER BY "ar_internal_metadata"."key" ASC LIMIT 1 /*application='Projects'*/[0m
Migrating to CreateRoles (20260615131820)
  [1m[36mTRANSACTION (0.2ms)[0m  [1m[35mBEGIN /*application='Projects'*/[0m
  [1m[35m (17.0ms)[0m  [1m[35mCREATE TABLE "roles" ("id" bigserial primary key, "name" character varying, "description" character varying, "created_at" timestamp(6) NOT NULL, "updated_at" timestamp(6) NOT NULL) /*application='Projects'*/[0m
  [1m[36mActiveRecord::SchemaMigration Create (0.5ms)[0m  [1m[32mINSERT INTO "schema_migrations" ("version") VALUES ('20260615131820') RETURNING "version" /*application='Projects'*/[0m
  [1m[36mTRANSACTION (2.1ms)[0m  [1m[35mCOMMIT /*application='Projects'*/[0m
Migrating to CreatePermissions (20260615131825)
  [1m[36mTRANSACTION (0.3ms)[0m  [1m[35mBEGIN /*application='Projects'*/[0m
  [1m[35m (9.4ms)[0m  [1m[35mCREATE TABLE "permissions" ("id" bigserial primary key, "key" character varying, "description" character varying, "created_at" timestamp(6) NOT NULL, "updated_at" timestamp(6) NOT NULL) /*application='Projects'*/[0m
  [1m[36mActiveRecord::SchemaMigration Create (0.4ms)[0m  [1m[32mINSERT INTO "schema_migrations" ("version") VALUES ('20260615131825') RETURNING "version" /*application='Projects'*/[0m
  [1m[36mTRANSACTION (0.9ms)[0m  [1m[35mCOMMIT /*application='Projects'*/[0m
Migrating to CreateRolePermissions (20260615131829)
  [1m[36mTRANSACTION (0.3ms)[0m  [1m[35mBEGIN /*application='Projects'*/[0m
  [1m[35m (9.2ms)[0m  [1m[35mCREATE TABLE "role_permissions" ("id" bigserial primary key, "role_id" bigint NOT NULL, "permission_id" bigint NOT NULL, "created_at" timestamp(6) NOT NULL, "updated_at" timestamp(6) NOT NULL, CONSTRAINT "fk_rails_60126080bd"
FOREIGN KEY ("role_id")
  REFERENCES "roles" ("id")
, CONSTRAINT "fk_rails_439e640a3f"
FOREIGN KEY ("permission_id")
  REFERENCES "permissions" ("id")
) /*application='Projects'*/[0m
  [1m[35m (2.3ms)[0m  [1m[35mCREATE INDEX "index_role_permissions_on_role_id" ON "role_permissions" ("role_id") /*application='Projects'*/[0m
  [1m[35m (2.1ms)[0m  [1m[35mCREATE INDEX "index_role_permissions_on_permission_id" ON "role_permissions" ("permission_id") /*application='Projects'*/[0m
  [1m[36mActiveRecord::SchemaMigration Create (0.3ms)[0m  [1m[32mINSERT INTO "schema_migrations" ("version") VALUES ('20260615131829') RETURNING "version" /*application='Projects'*/[0m
  [1m[36mTRANSACTION (1.2ms)[0m  [1m[35mCOMMIT /*application='Projects'*/[0m
Migrating to AddRoleToUsers (20260615131931)
  [1m[36mTRANSACTION (0.2ms)[0m  [1m[35mBEGIN /*application='Projects'*/[0m
  [1m[35m (1.3ms)[0m  [1m[35mALTER TABLE "users" ADD "role_id" bigint NOT NULL /*application='Projects'*/[0m
  [1m[35m (3.4ms)[0m  [1m[35mCREATE INDEX "index_users_on_role_id" ON "users" ("role_id") /*application='Projects'*/[0m
  [1m[35m (1.6ms)[0m  [1m[35mALTER TABLE "users" ADD CONSTRAINT "fk_rails_642f17018b"
FOREIGN KEY ("role_id")
  REFERENCES "roles" ("id")
 /*application='Projects'*/[0m
  [1m[36mActiveRecord::SchemaMigration Create (0.5ms)[0m  [1m[32mINSERT INTO "schema_migrations" ("version") VALUES ('20260615131931') RETURNING "version" /*application='Projects'*/[0m
  [1m[36mTRANSACTION (1.0ms)[0m  [1m[35mCOMMIT /*application='Projects'*/[0m
  [1m[35m (0.3ms)[0m  [1m[34mSELECT pg_advisory_unlock(2007751681948843530) /*application='Projects'*/[0m
  [1m[36mActiveRecord::SchemaMigration Load (0.3ms)[0m  [1m[34mSELECT "schema_migrations"."version" FROM "schema_migrations" ORDER BY "schema_migrations"."version" ASC /*application='Projects'*/[0m
  [1m[35mSQL (0.1ms)[0m  [1m[35mSET search_path TO public /*application='Projects'*/[0m
  [1m[35mSQL (0.2ms)[0m  [1m[35mSET search_path TO "$user", public /*application='Projects'*/[0m
  [1m[35mSQL (0.2ms)[0m  [1m[35mSET search_path TO public /*application='Projects'*/[0m
  [1m[35mSQL (0.1ms)[0m  [1m[35mSET search_path TO "$user", public /*application='Projects'*/[0m
  [1m[36mActiveRecord::SchemaMigration Load (1.1ms)[0m  [1m[34mSELECT "schema_migrations"."version" FROM "schema_migrations" ORDER BY "schema_migrations"."version" ASC /*application='Projects'*/[0m
  [1m[36mPermission Load (1.0ms)[0m  [1m[34mSELECT "permissions".* FROM "permissions" WHERE "permissions"."key" = 'create_role_type' LIMIT 1 /*application='Projects'*/[0m
  [1m[36mTRANSACTION (0.2ms)[0m  [1m[35mBEGIN /*application='Projects'*/[0m
  [1m[36mPermission Create (2.0ms)[0m  [1m[32mINSERT INTO "permissions" ("key", "description", "created_at", "updated_at") VALUES ('create_role_type', 'Создание типов аккаунта', '2026-06-15 13:25:16.029402', '2026-06-15 13:25:16.029402') RETURNING "id" /*application='Projects'*/[0m
  [1m[36mTRANSACTION (1.3ms)[0m  [1m[35mCOMMIT /*application='Projects'*/[0m
  [1m[36mPermission Load (0.3ms)[0m  [1m[34mSELECT "permissions".* FROM "permissions" WHERE "permissions"."key" = 'delete_role_type' LIMIT 1 /*application='Projects'*/[0m
  [1m[36mTRANSACTION (0.1ms)[0m  [1m[35mBEGIN /*application='Projects'*/[0m
  [1m[36mPermission Create (1.4ms)[0m  [1m[32mINSERT INTO "permissions" ("key", "description", "created_at", "updated_at") VALUES ('delete_role_type', 'Удаление типов аккаунта', '2026-06-15 13:25:16.037829', '2026-06-15 13:25:16.037829') RETURNING "id" /*application='Projects'*/[0m
  [1m[36mTRANSACTION (1.2ms)[0m  [1m[35mCOMMIT /*application='Projects'*/[0m
  [1m[36mPermission Load (0.3ms)[0m  [1m[34mSELECT "permissions".* FROM "permissions" WHERE "permissions"."key" = 'edit_role_permissions' LIMIT 1 /*application='Projects'*/[0m
  [1m[36mTRANSACTION (0.2ms)[0m  [1m[35mBEGIN /*application='Projects'*/[0m
  [1m[36mPermission Create (1.9ms)[0m  [1m[32mINSERT INTO "permissions" ("key", "description", "created_at", "updated_at") VALUES ('edit_role_permissions', 'Изменение типа аккаунта (разрешений)', '2026-06-15 13:25:16.044178', '2026-06-15 13:25:16.044178') RETURNING "id" /*application='Projects'*/[0m
  [1m[36mTRANSACTION (1.4ms)[0m  [1m[35mCOMMIT /*application='Projects'*/[0m
  [1m[36mPermission Load (0.3ms)[0m  [1m[34mSELECT "permissions".* FROM "permissions" WHERE "permissions"."key" = 'create_account' LIMIT 1 /*application='Projects'*/[0m
  [1m[36mTRANSACTION (0.2ms)[0m  [1m[35mBEGIN /*application='Projects'*/[0m
  [1m[36mPermission Create (2.1ms)[0m  [1m[32mINSERT INTO "permissions" ("key", "description", "created_at", "updated_at") VALUES ('create_account', 'Создание аккаунта', '2026-06-15 13:25:16.052049', '2026-06-15 13:25:16.052049') RETURNING "id" /*application='Projects'*/[0m
  [1m[36mTRANSACTION (1.2ms)[0m  [1m[35mCOMMIT /*application='Projects'*/[0m
  [1m[36mPermission Load (0.4ms)[0m  [1m[34mSELECT "permissions".* FROM "permissions" WHERE "permissions"."key" = 'delete_account' LIMIT 1 /*application='Projects'*/[0m
  [1m[36mTRANSACTION (0.2ms)[0m  [1m[35mBEGIN /*application='Projects'*/[0m
  [1m[36mPermission Create (1.8ms)[0m  [1m[32mINSERT INTO "permissions" ("key", "description", "created_at", "updated_at") VALUES ('delete_account', 'Удаление аккаунта', '2026-06-15 13:25:16.059633', '2026-06-15 13:25:16.059633') RETURNING "id" /*application='Projects'*/[0m
  [1m[36mTRANSACTION (1.4ms)[0m  [1m[35mCOMMIT /*application='Projects'*/[0m
  [1m[36mPermission Load (0.3ms)[0m  [1m[34mSELECT "permissions".* FROM "permissions" WHERE "permissions"."key" = 'edit_account_variables' LIMIT 1 /*application='Projects'*/[0m
  [1m[36mTRANSACTION (0.3ms)[0m  [1m[35mBEGIN /*application='Projects'*/[0m
  [1m[36mPermission Create (1.9ms)[0m  [1m[32mINSERT INTO "permissions" ("key", "description", "created_at", "updated_at") VALUES ('edit_account_variables', 'Изменение переменных аккаунта', '2026-06-15 13:25:16.067674', '2026-06-15 13:25:16.067674') RETURNING "id" /*application='Projects'*/[0m
  [1m[36mTRANSACTION (0.9ms)[0m  [1m[35mCOMMIT /*application='Projects'*/[0m
  [1m[36mPermission Load (0.3ms)[0m  [1m[34mSELECT "permissions".* FROM "permissions" WHERE "permissions"."key" = 'create_hotel' LIMIT 1 /*application='Projects'*/[0m
  [1m[36mTRANSACTION (0.2ms)[0m  [1m[35mBEGIN /*application='Projects'*/[0m
  [1m[36mPermission Create (1.8ms)[0m  [1m[32mINSERT INTO "permissions" ("key", "description", "created_at", "updated_at") VALUES ('create_hotel', 'Создание отеля', '2026-06-15 13:25:16.074844', '2026-06-15 13:25:16.074844') RETURNING "id" /*application='Projects'*/[0m
  [1m[36mTRANSACTION (1.0ms)[0m  [1m[35mCOMMIT /*application='Projects'*/[0m
  [1m[36mPermission Load (0.5ms)[0m  [1m[34mSELECT "permissions".* FROM "permissions" WHERE "permissions"."key" = 'delete_hotel' LIMIT 1 /*application='Projects'*/[0m
  [1m[36mTRANSACTION (0.2ms)[0m  [1m[35mBEGIN /*application='Projects'*/[0m
  [1m[36mPermission Create (1.7ms)[0m  [1m[32mINSERT INTO "permissions" ("key", "description", "created_at", "updated_at") VALUES ('delete_hotel', 'Удаление отеля', '2026-06-15 13:25:16.083444', '2026-06-15 13:25:16.083444') RETURNING "id" /*application='Projects'*/[0m
  [1m[36mTRANSACTION (1.5ms)[0m  [1m[35mCOMMIT /*application='Projects'*/[0m
  [1m[36mPermission Load (0.3ms)[0m  [1m[34mSELECT "permissions".* FROM "permissions" WHERE "permissions"."key" = 'create_room' LIMIT 1 /*application='Projects'*/[0m
  [1m[36mTRANSACTION (0.2ms)[0m  [1m[35mBEGIN /*application='Projects'*/[0m
  [1m[36mPermission Create (2.3ms)[0m  [1m[32mINSERT INTO "permissions" ("key", "description", "created_at", "updated_at") VALUES ('create_room', 'Создание комнат', '2026-06-15 13:25:16.091006', '2026-06-15 13:25:16.091006') RETURNING "id" /*application='Projects'*/[0m
  [1m[36mTRANSACTION (1.1ms)[0m  [1m[35mCOMMIT /*application='Projects'*/[0m
  [1m[36mPermission Load (0.3ms)[0m  [1m[34mSELECT "permissions".* FROM "permissions" WHERE "permissions"."key" = 'delete_room' LIMIT 1 /*application='Projects'*/[0m
  [1m[36mTRANSACTION (0.1ms)[0m  [1m[35mBEGIN /*application='Projects'*/[0m
  [1m[36mPermission Create (1.8ms)[0m  [1m[32mINSERT INTO "permissions" ("key", "description", "created_at", "updated_at") VALUES ('delete_room', 'Удаление комнат', '2026-06-15 13:25:16.099780', '2026-06-15 13:25:16.099780') RETURNING "id" /*application='Projects'*/[0m
  [1m[36mTRANSACTION (0.9ms)[0m  [1m[35mCOMMIT /*application='Projects'*/[0m
  [1m[36mPermission Load (0.2ms)[0m  [1m[34mSELECT "permissions".* FROM "permissions" WHERE "permissions"."key" = 'book_room' LIMIT 1 /*application='Projects'*/[0m
  [1m[36mTRANSACTION (0.2ms)[0m  [1m[35mBEGIN /*application='Projects'*/[0m
  [1m[36mPermission Create (2.0ms)[0m  [1m[32mINSERT INTO "permissions" ("key", "description", "created_at", "updated_at") VALUES ('book_room', 'Бронирование комнат', '2026-06-15 13:25:16.107291', '2026-06-15 13:25:16.107291') RETURNING "id" /*application='Projects'*/[0m
  [1m[36mTRANSACTION (2.4ms)[0m  [1m[35mCOMMIT /*application='Projects'*/[0m
  [1m[36mPermission Load (0.5ms)[0m  [1m[34mSELECT "permissions".* FROM "permissions" WHERE "permissions"."key" = 'create_hotels_bulk' LIMIT 1 /*application='Projects'*/[0m
  [1m[36mTRANSACTION (0.3ms)[0m  [1m[35mBEGIN /*application='Projects'*/[0m
  [1m[36mPermission Create (2.3ms)[0m  [1m[32mINSERT INTO "permissions" ("key", "description", "created_at", "updated_at") VALUES ('create_hotels_bulk', 'Создание отелей', '2026-06-15 13:25:16.138296', '2026-06-15 13:25:16.138296') RETURNING "id" /*application='Projects'*/[0m
  [1m[36mTRANSACTION (1.2ms)[0m  [1m[35mCOMMIT /*application='Projects'*/[0m
  [1m[36mPermission Load (0.3ms)[0m  [1m[34mSELECT "permissions".* FROM "permissions" WHERE "permissions"."key" = 'delete_hotels_bulk' LIMIT 1 /*application='Projects'*/[0m
  [1m[36mTRANSACTION (0.1ms)[0m  [1m[35mBEGIN /*application='Projects'*/[0m
  [1m[36mPermission Create (1.1ms)[0m  [1m[32mINSERT INTO "permissions" ("key", "description", "created_at", "updated_at") VALUES ('delete_hotels_bulk', 'Удаление отелей', '2026-06-15 13:25:16.145408', '2026-06-15 13:25:16.145408') RETURNING "id" /*application='Projects'*/[0m
  [1m[36mTRANSACTION (1.7ms)[0m  [1m[35mCOMMIT /*application='Projects'*/[0m
  [1m[36mPermission Load (0.4ms)[0m  [1m[34mSELECT "permissions".* FROM "permissions" WHERE "permissions"."key" = 'pay_booking' LIMIT 1 /*application='Projects'*/[0m
  [1m[36mTRANSACTION (0.2ms)[0m  [1m[35mBEGIN /*application='Projects'*/[0m
  [1m[36mPermission Create (1.6ms)[0m  [1m[32mINSERT INTO "permissions" ("key", "description", "created_at", "updated_at") VALUES ('pay_booking', 'Оплата бронирования', '2026-06-15 13:25:16.153799', '2026-06-15 13:25:16.153799') RETURNING "id" /*application='Projects'*/[0m
  [1m[36mTRANSACTION (1.4ms)[0m  [1m[35mCOMMIT /*application='Projects'*/[0m
  [1m[36mPermission Load (0.3ms)[0m  [1m[34mSELECT "permissions".* FROM "permissions" WHERE "permissions"."key" = 'edit_booking' LIMIT 1 /*application='Projects'*/[0m
  [1m[36mTRANSACTION (0.1ms)[0m  [1m[35mBEGIN /*application='Projects'*/[0m
  [1m[36mPermission Create (1.3ms)[0m  [1m[32mINSERT INTO "permissions" ("key", "description", "created_at", "updated_at") VALUES ('edit_booking', 'Изменение бронирования', '2026-06-15 13:25:16.160734', '2026-06-15 13:25:16.160734') RETURNING "id" /*application='Projects'*/[0m
  [1m[36mTRANSACTION (1.0ms)[0m  [1m[35mCOMMIT /*application='Projects'*/[0m
  [1m[36mPermission Load (0.8ms)[0m  [1m[34mSELECT "permissions".* FROM "permissions" WHERE "permissions"."key" = 'cancel_booking' LIMIT 1 /*application='Projects'*/[0m
  [1m[36mTRANSACTION (0.2ms)[0m  [1m[35mBEGIN /*application='Projects'*/[0m
  [1m[36mPermission Create (1.8ms)[0m  [1m[32mINSERT INTO "permissions" ("key", "description", "created_at", "updated_at") VALUES ('cancel_booking', 'Отмена бронирования', '2026-06-15 13:25:16.169062', '2026-06-15 13:25:16.169062') RETURNING "id" /*application='Projects'*/[0m
  [1m[36mTRANSACTION (1.0ms)[0m  [1m[35mCOMMIT /*application='Projects'*/[0m
  [1m[36mPermission Load (0.3ms)[0m  [1m[34mSELECT "permissions".* FROM "permissions" WHERE "permissions"."key" = 'view_directories' LIMIT 1 /*application='Projects'*/[0m
  [1m[36mTRANSACTION (0.1ms)[0m  [1m[35mBEGIN /*application='Projects'*/[0m
  [1m[36mPermission Create (1.3ms)[0m  [1m[32mINSERT INTO "permissions" ("key", "description", "created_at", "updated_at") VALUES ('view_directories', 'Просмотр списка отелей/комнат/бронирований', '2026-06-15 13:25:16.175834', '2026-06-15 13:25:16.175834') RETURNING "id" /*application='Projects'*/[0m
  [1m[36mTRANSACTION (1.1ms)[0m  [1m[35mCOMMIT /*application='Projects'*/[0m
  [1m[36mPermission Load (0.4ms)[0m  [1m[34mSELECT "permissions".* FROM "permissions" WHERE "permissions"."key" = 'refund_payment' LIMIT 1 /*application='Projects'*/[0m
  [1m[36mTRANSACTION (0.2ms)[0m  [1m[35mBEGIN /*application='Projects'*/[0m
  [1m[36mPermission Create (1.9ms)[0m  [1m[32mINSERT INTO "permissions" ("key", "description", "created_at", "updated_at") VALUES ('refund_payment', 'Оформление возврата средств', '2026-06-15 13:25:16.183808', '2026-06-15 13:25:16.183808') RETURNING "id" /*application='Projects'*/[0m
  [1m[36mTRANSACTION (1.1ms)[0m  [1m[35mCOMMIT /*application='Projects'*/[0m
  [1m[36mPermission Load (0.3ms)[0m  [1m[34mSELECT "permissions".* FROM "permissions" WHERE "permissions"."key" = 'moderate_reviews' LIMIT 1 /*application='Projects'*/[0m
  [1m[36mTRANSACTION (0.1ms)[0m  [1m[35mBEGIN /*application='Projects'*/[0m
  [1m[36mPermission Create (1.7ms)[0m  [1m[32mINSERT INTO "permissions" ("key", "description", "created_at", "updated_at") VALUES ('moderate_reviews', 'Модерация отзывов и оценок', '2026-06-15 13:25:16.190860', '2026-06-15 13:25:16.190860') RETURNING "id" /*application='Projects'*/[0m
  [1m[36mTRANSACTION (1.1ms)[0m  [1m[35mCOMMIT /*application='Projects'*/[0m
  [1m[36mPermission Load (0.5ms)[0m  [1m[34mSELECT "permissions".* FROM "permissions" WHERE "permissions"."key" = 'view_personal_data' LIMIT 1 /*application='Projects'*/[0m
  [1m[36mTRANSACTION (0.3ms)[0m  [1m[35mBEGIN /*application='Projects'*/[0m
  [1m[36mPermission Create (1.8ms)[0m  [1m[32mINSERT INTO "permissions" ("key", "description", "created_at", "updated_at") VALUES ('view_personal_data', 'Просмотр персональных данных', '2026-06-15 13:25:16.201595', '2026-06-15 13:25:16.201595') RETURNING "id" /*application='Projects'*/[0m
  [1m[36mTRANSACTION (1.0ms)[0m  [1m[35mCOMMIT /*application='Projects'*/[0m
  [1m[36mRole Load (0.4ms)[0m  [1m[34mSELECT "roles".* FROM "roles" WHERE "roles"."name" = 'Супер-Администратор' LIMIT 1 /*application='Projects'*/[0m
  [1m[36mTRANSACTION (0.2ms)[0m  [1m[35mBEGIN /*application='Projects'*/[0m
  [1m[36mRole Create (0.9ms)[0m  [1m[32mINSERT INTO "roles" ("name", "description", "created_at", "updated_at") VALUES ('Супер-Администратор', 'Обладает абсолютными первичными правами доступа ко всем модулям системы Globook.', '2026-06-15 13:25:16.216035', '2026-06-15 13:25:16.216035') RETURNING "id" /*application='Projects'*/[0m
  [1m[36mTRANSACTION (1.1ms)[0m  [1m[35mCOMMIT /*application='Projects'*/[0m
  [1m[36mPermission Load (1.2ms)[0m  [1m[34mSELECT "permissions".* FROM "permissions" INNER JOIN "role_permissions" ON "permissions"."id" = "role_permissions"."permission_id" WHERE "role_permissions"."role_id" = 1 /*application='Projects'*/[0m
  [1m[36mTRANSACTION (0.2ms)[0m  [1m[35mBEGIN /*application='Projects'*/[0m
  [1m[36mRolePermission Create (1.5ms)[0m  [1m[32mINSERT INTO "role_permissions" ("role_id", "permission_id", "created_at", "updated_at") VALUES (1, 1, '2026-06-15 13:25:16.255035', '2026-06-15 13:25:16.255035') RETURNING "id" /*application='Projects'*/[0m
  [1m[36mRolePermission Create (0.3ms)[0m  [1m[32mINSERT INTO "role_permissions" ("role_id", "permission_id", "created_at", "updated_at") VALUES (1, 2, '2026-06-15 13:25:16.258409', '2026-06-15 13:25:16.258409') RETURNING "id" /*application='Projects'*/[0m
  [1m[36mRolePermission Create (0.2ms)[0m  [1m[32mINSERT INTO "role_permissions" ("role_id", "permission_id", "created_at", "updated_at") VALUES (1, 3, '2026-06-15 13:25:16.260068', '2026-06-15 13:25:16.260068') RETURNING "id" /*application='Projects'*/[0m
  [1m[36mRolePermission Create (0.3ms)[0m  [1m[32mINSERT INTO "role_permissions" ("role_id", "permission_id", "created_at", "updated_at") VALUES (1, 4, '2026-06-15 13:25:16.261727', '2026-06-15 13:25:16.261727') RETURNING "id" /*application='Projects'*/[0m
  [1m[36mRolePermission Create (0.2ms)[0m  [1m[32mINSERT INTO "role_permissions" ("role_id", "permission_id", "created_at", "updated_at") VALUES (1, 5, '2026-06-15 13:25:16.263394', '2026-06-15 13:25:16.263394') RETURNING "id" /*application='Projects'*/[0m
  [1m[36mRolePermission Create (0.3ms)[0m  [1m[32mINSERT INTO "role_permissions" ("role_id", "permission_id", "created_at", "updated_at") VALUES (1, 6, '2026-06-15 13:25:16.265117', '2026-06-15 13:25:16.265117') RETURNING "id" /*application='Projects'*/[0m
  [1m[36mRolePermission Create (0.2ms)[0m  [1m[32mINSERT INTO "role_permissions" ("role_id", "permission_id", "created_at", "updated_at") VALUES (1, 7, '2026-06-15 13:25:16.266684', '2026-06-15 13:25:16.266684') RETURNING "id" /*application='Projects'*/[0m
  [1m[36mRolePermission Create (0.2ms)[0m  [1m[32mINSERT INTO "role_permissions" ("role_id", "permission_id", "created_at", "updated_at") VALUES (1, 8, '2026-06-15 13:25:16.268229', '2026-06-15 13:25:16.268229') RETURNING "id" /*application='Projects'*/[0m
  [1m[36mRolePermission Create (0.2ms)[0m  [1m[32mINSERT INTO "role_permissions" ("role_id", "permission_id", "created_at", "updated_at") VALUES (1, 9, '2026-06-15 13:25:16.269956', '2026-06-15 13:25:16.269956') RETURNING "id" /*application='Projects'*/[0m
  [1m[36mRolePermission Create (0.3ms)[0m  [1m[32mINSERT INTO "role_permissions" ("role_id", "permission_id", "created_at", "updated_at") VALUES (1, 10, '2026-06-15 13:25:16.271591', '2026-06-15 13:25:16.271591') RETURNING "id" /*application='Projects'*/[0m
  [1m[36mRolePermission Create (0.2ms)[0m  [1m[32mINSERT INTO "role_permissions" ("role_id", "permission_id", "created_at", "updated_at") VALUES (1, 11, '2026-06-15 13:25:16.273327', '2026-06-15 13:25:16.273327') RETURNING "id" /*application='Projects'*/[0m
  [1m[36mRolePermission Create (0.5ms)[0m  [1m[32mINSERT INTO "role_permissions" ("role_id", "permission_id", "created_at", "updated_at") VALUES (1, 12, '2026-06-15 13:25:16.275222', '2026-06-15 13:25:16.275222') RETURNING "id" /*application='Projects'*/[0m
  [1m[36mRolePermission Create (0.4ms)[0m  [1m[32mINSERT INTO "role_permissions" ("role_id", "permission_id", "created_at", "updated_at") VALUES (1, 13, '2026-06-15 13:25:16.278127', '2026-06-15 13:25:16.278127') RETURNING "id" /*application='Projects'*/[0m
  [1m[36mRolePermission Create (0.4ms)[0m  [1m[32mINSERT INTO "role_permissions" ("role_id", "permission_id", "created_at", "updated_at") VALUES (1, 14, '2026-06-15 13:25:16.280863', '2026-06-15 13:25:16.280863') RETURNING "id" /*application='Projects'*/[0m
  [1m[36mRolePermission Create (0.4ms)[0m  [1m[32mINSERT INTO "role_permissions" ("role_id", "permission_id", "created_at", "updated_at") VALUES (1, 15, '2026-06-15 13:25:16.283584', '2026-06-15 13:25:16.283584') RETURNING "id" /*application='Projects'*/[0m
  [1m[36mRolePermission Create (0.5ms)[0m  [1m[32mINSERT INTO "role_permissions" ("role_id", "permission_id", "created_at", "updated_at") VALUES (1, 16, '2026-06-15 13:25:16.286944', '2026-06-15 13:25:16.286944') RETURNING "id" /*application='Projects'*/[0m
  [1m[36mRolePermission Create (0.4ms)[0m  [1m[32mINSERT INTO "role_permissions" ("role_id", "permission_id", "created_at", "updated_at") VALUES (1, 17, '2026-06-15 13:25:16.290041', '2026-06-15 13:25:16.290041') RETURNING "id" /*application='Projects'*/[0m
  [1m[36mRolePermission Create (0.4ms)[0m  [1m[32mINSERT INTO "role_permissions" ("role_id", "permission_id", "created_at", "updated_at") VALUES (1, 18, '2026-06-15 13:25:16.293243', '2026-06-15 13:25:16.293243') RETURNING "id" /*application='Projects'*/[0m
  [1m[36mRolePermission Create (0.5ms)[0m  [1m[32mINSERT INTO "role_permissions" ("role_id", "permission_id", "created_at", "updated_at") VALUES (1, 19, '2026-06-15 13:25:16.296006', '2026-06-15 13:25:16.296006') RETURNING "id" /*application='Projects'*/[0m
  [1m[36mRolePermission Create (0.3ms)[0m  [1m[32mINSERT INTO "role_permissions" ("role_id", "permission_id", "created_at", "updated_at") VALUES (1, 20, '2026-06-15 13:25:16.298912', '2026-06-15 13:25:16.298912') RETURNING "id" /*application='Projects'*/[0m
  [1m[36mTRANSACTION (1.0ms)[0m  [1m[35mCOMMIT /*application='Projects'*/[0m
  [1m[36mPermission Count (1.7ms)[0m  [1m[34mSELECT COUNT(*) FROM "permissions" INNER JOIN "role_permissions" ON "permissions"."id" = "role_permissions"."permission_id" WHERE "role_permissions"."role_id" = 1 /*application='Projects'*/[0m
  [1m[35m (0.8ms)[0m  [1m[34mSELECT pg_try_advisory_lock(2007751681948843530) /*application='Projects'*/[0m
  [1m[36mActiveRecord::SchemaMigration Load (2.4ms)[0m  [1m[34mSELECT "schema_migrations"."version" FROM "schema_migrations" ORDER BY "schema_migrations"."version" ASC /*application='Projects'*/[0m
  [1m[36mActiveRecord::InternalMetadata Load (1.9ms)[0m  [1m[34mSELECT * FROM "ar_internal_metadata" WHERE "ar_internal_metadata"."key" = 'environment' ORDER BY "ar_internal_metadata"."key" ASC LIMIT 1 /*application='Projects'*/[0m
Migrating to UpgradeTablesForFrontend (20260616171244)
  [1m[36mTRANSACTION (0.2ms)[0m  [1m[35mBEGIN /*application='Projects'*/[0m
  [1m[35m (10.5ms)[0m  [1m[35mALTER TABLE "hotels" ADD "city" character varying /*application='Projects'*/[0m
  [1m[35m (0.8ms)[0m  [1m[35mALTER TABLE "hotels" ADD "phone" character varying /*application='Projects'*/[0m
  [1m[35m (7.1ms)[0m  [1m[35mALTER TABLE "hotels" ADD "rating" decimal(3,1) DEFAULT 1.0 /*application='Projects'*/[0m
  [1m[35m (1.3ms)[0m  [1m[35mALTER TABLE "users" RENAME COLUMN "name" TO "first_name" /*application='Projects'*/[0m
  [1m[35m (0.3ms)[0m  [1m[35mALTER TABLE "users" ADD "last_name" character varying /*application='Projects'*/[0m
  [1m[35m (0.3ms)[0m  [1m[35mALTER TABLE "users" ADD "patronymic" character varying /*application='Projects'*/[0m
  [1m[35m (0.5ms)[0m  [1m[35mALTER TABLE "users" ADD "phone" character varying /*application='Projects'*/[0m
  [1m[35m (0.5ms)[0m  [1m[35mALTER TABLE "users" ADD "password_digest" character varying /*application='Projects'*/[0m
  [1m[36mActiveRecord::SchemaMigration Create (1.1ms)[0m  [1m[32mINSERT INTO "schema_migrations" ("version") VALUES ('20260616171244') RETURNING "version" /*application='Projects'*/[0m
  [1m[36mTRANSACTION (3.5ms)[0m  [1m[35mCOMMIT /*application='Projects'*/[0m
  [1m[35m (0.3ms)[0m  [1m[34mSELECT pg_advisory_unlock(2007751681948843530) /*application='Projects'*/[0m
  [1m[36mActiveRecord::SchemaMigration Load (0.2ms)[0m  [1m[34mSELECT "schema_migrations"."version" FROM "schema_migrations" ORDER BY "schema_migrations"."version" ASC /*application='Projects'*/[0m
  [1m[35mSQL (0.1ms)[0m  [1m[35mSET search_path TO public /*application='Projects'*/[0m
  [1m[35mSQL (0.1ms)[0m  [1m[35mSET search_path TO "$user", public /*application='Projects'*/[0m
  [1m[35mSQL (0.2ms)[0m  [1m[35mSET search_path TO public /*application='Projects'*/[0m
  [1m[35mSQL (0.1ms)[0m  [1m[35mSET search_path TO "$user", public /*application='Projects'*/[0m
  [1m[35m (1.0ms)[0m  [1m[34mSELECT pg_try_advisory_lock(2007751681948843530) /*application='Projects'*/[0m
  [1m[36mActiveRecord::SchemaMigration Load (1.8ms)[0m  [1m[34mSELECT "schema_migrations"."version" FROM "schema_migrations" ORDER BY "schema_migrations"."version" ASC /*application='Projects'*/[0m
  [1m[36mActiveRecord::InternalMetadata Load (1.4ms)[0m  [1m[34mSELECT * FROM "ar_internal_metadata" WHERE "ar_internal_metadata"."key" = 'environment' ORDER BY "ar_internal_metadata"."key" ASC LIMIT 1 /*application='Projects'*/[0m
Migrating to AddDeviseToUsers (20260616171803)
  [1m[36mTRANSACTION (0.2ms)[0m  [1m[35mBEGIN /*application='Projects'*/[0m
  [1m[35m (6.7ms)[0m  [1m[35mALTER TABLE "users" ADD "email" character varying DEFAULT '' NOT NULL /*application='Projects'*/[0m
  [1m[36mTRANSACTION (0.4ms)[0m  [1m[31mROLLBACK /*application='Projects'*/[0m
  [1m[35m (0.4ms)[0m  [1m[34mSELECT pg_advisory_unlock(2007751681948843530) /*application='Projects'*/[0m
  [1m[36mActiveRecord::SchemaMigration Load (1.3ms)[0m  [1m[34mSELECT "schema_migrations"."version" FROM "schema_migrations" ORDER BY "schema_migrations"."version" ASC /*application='Projects'*/[0m
  [1m[36mActiveRecord::InternalMetadata Load (1.5ms)[0m  [1m[34mSELECT * FROM "ar_internal_metadata" WHERE "ar_internal_metadata"."key" = 'environment' ORDER BY "ar_internal_metadata"."key" ASC LIMIT 1 /*application='Projects'*/[0m
  [1m[36mActiveRecord::SchemaMigration Load (0.1ms)[0m  [1m[34mSELECT "schema_migrations"."version" FROM "schema_migrations" ORDER BY "schema_migrations"."version" ASC /*application='Projects'*/[0m
  [1m[36mActiveRecord::InternalMetadata Load (0.2ms)[0m  [1m[34mSELECT * FROM "ar_internal_metadata" WHERE "ar_internal_metadata"."key" = 'environment' ORDER BY "ar_internal_metadata"."key" ASC LIMIT 1 /*application='Projects'*/[0m
  [1m[36mActiveRecord::SchemaMigration Load (0.1ms)[0m  [1m[34mSELECT "schema_migrations"."version" FROM "schema_migrations" ORDER BY "schema_migrations"."version" ASC /*application='Projects'*/[0m
  [1m[36mActiveRecord::InternalMetadata Load (0.2ms)[0m  [1m[34mSELECT * FROM "ar_internal_metadata" WHERE "ar_internal_metadata"."key" = 'environment' ORDER BY "ar_internal_metadata"."key" ASC LIMIT 1 /*application='Projects'*/[0m
  [1m[35mSQL (0.1ms)[0m  [1m[35mSET search_path TO public /*application='Projects'*/[0m
  [1m[35m (113.8ms)[0m  [1m[35mDROP DATABASE IF EXISTS "hotel_booking_development" /*application='Projects'*/[0m
  [1m[35mSQL (0.3ms)[0m  [1m[35mSET search_path TO public /*application='Projects'*/[0m
  [1m[35m (56.8ms)[0m  [1m[35mDROP DATABASE IF EXISTS "hotel_booking_test" /*application='Projects'*/[0m
  [1m[35mSQL (0.1ms)[0m  [1m[35mSET search_path TO public /*application='Projects'*/[0m
  [1m[35m (218.7ms)[0m  [1m[35mCREATE DATABASE "hotel_booking_development" ENCODING = 'unicode' /*application='Projects'*/[0m
  [1m[35mSQL (0.1ms)[0m  [1m[35mSET search_path TO public /*application='Projects'*/[0m
  [1m[35m (80.5ms)[0m  [1m[35mCREATE DATABASE "hotel_booking_test" ENCODING = 'unicode' /*application='Projects'*/[0m
  [1m[35mSQL (0.9ms)[0m  [1m[35mCREATE EXTENSION IF NOT EXISTS "plpgsql" SCHEMA pg_catalog /*application='Projects'*/[0m
  [1m[35mSQL (13.7ms)[0m  [1m[35mCREATE EXTENSION IF NOT EXISTS "pgcrypto" /*application='Projects'*/[0m
  [1m[35m (0.3ms)[0m  [1m[35mDROP TABLE IF EXISTS "bookings" CASCADE /*application='Projects'*/[0m
  [1m[35m (9.9ms)[0m  [1m[35mCREATE TABLE "bookings" ("id" uuid DEFAULT gen_random_uuid() NOT NULL PRIMARY KEY, "check_in_date" date, "check_out_date" date, "created_at" timestamp(6) NOT NULL, "hotel_id" uuid NOT NULL, "room_id" uuid NOT NULL, "status" character varying, "total_price" decimal(10,2), "updated_at" timestamp(6) NOT NULL, "user_id" uuid NOT NULL) /*application='Projects'*/[0m
  [1m[35m (2.6ms)[0m  [1m[35mCREATE INDEX "index_bookings_on_hotel_id" ON "bookings" ("hotel_id") /*application='Projects'*/[0m
  [1m[35m (3.3ms)[0m  [1m[35mCREATE INDEX "index_bookings_on_room_id" ON "bookings" ("room_id") /*application='Projects'*/[0m
  [1m[35m (2.5ms)[0m  [1m[35mCREATE INDEX "index_bookings_on_user_id" ON "bookings" ("user_id") /*application='Projects'*/[0m
  [1m[35m (0.2ms)[0m  [1m[35mDROP TABLE IF EXISTS "hotels" CASCADE /*application='Projects'*/[0m
  [1m[35m (6.0ms)[0m  [1m[35mCREATE TABLE "hotels" ("id" uuid DEFAULT gen_random_uuid() NOT NULL PRIMARY KEY, "address" character varying, "city" character varying, "created_at" timestamp(6) NOT NULL, "description" text, "lat" decimal(10,6), "lng" decimal(10,6), "manager_id" uuid NOT NULL, "name" character varying, "phone" character varying, "rating" decimal(3,1) DEFAULT 1.0, "updated_at" timestamp(6) NOT NULL) /*application='Projects'*/[0m
  [1m[35m (2.4ms)[0m  [1m[35mCREATE INDEX "index_hotels_on_manager_id" ON "hotels" ("manager_id") /*application='Projects'*/[0m
  [1m[35m (0.2ms)[0m  [1m[35mDROP TABLE IF EXISTS "permissions" CASCADE /*application='Projects'*/[0m
  [1m[35m (5.3ms)[0m  [1m[35mCREATE TABLE "permissions" ("id" bigserial primary key, "created_at" timestamp(6) NOT NULL, "description" character varying, "key" character varying, "updated_at" timestamp(6) NOT NULL) /*application='Projects'*/[0m
  [1m[35m (0.2ms)[0m  [1m[35mDROP TABLE IF EXISTS "role_permissions" CASCADE /*application='Projects'*/[0m
  [1m[35m (3.3ms)[0m  [1m[35mCREATE TABLE "role_permissions" ("id" bigserial primary key, "created_at" timestamp(6) NOT NULL, "permission_id" bigint NOT NULL, "role_id" bigint NOT NULL, "updated_at" timestamp(6) NOT NULL) /*application='Projects'*/[0m
  [1m[35m (2.2ms)[0m  [1m[35mCREATE INDEX "index_role_permissions_on_permission_id" ON "role_permissions" ("permission_id") /*application='Projects'*/[0m
  [1m[35m (2.5ms)[0m  [1m[35mCREATE INDEX "index_role_permissions_on_role_id" ON "role_permissions" ("role_id") /*application='Projects'*/[0m
  [1m[35m (0.1ms)[0m  [1m[35mDROP TABLE IF EXISTS "roles" CASCADE /*application='Projects'*/[0m
  [1m[35m (4.9ms)[0m  [1m[35mCREATE TABLE "roles" ("id" bigserial primary key, "created_at" timestamp(6) NOT NULL, "description" character varying, "name" character varying, "updated_at" timestamp(6) NOT NULL) /*application='Projects'*/[0m
  [1m[35m (0.3ms)[0m  [1m[35mDROP TABLE IF EXISTS "rooms" CASCADE /*application='Projects'*/[0m
  [1m[35m (6.6ms)[0m  [1m[35mCREATE TABLE "rooms" ("id" uuid DEFAULT gen_random_uuid() NOT NULL PRIMARY KEY, "created_at" timestamp(6) NOT NULL, "hotel_id" uuid NOT NULL, "room_number" character varying, "room_type" character varying, "updated_at" timestamp(6) NOT NULL) /*application='Projects'*/[0m
  [1m[35m (2.7ms)[0m  [1m[35mCREATE INDEX "index_rooms_on_hotel_id" ON "rooms" ("hotel_id") /*application='Projects'*/[0m
  [1m[35m (0.2ms)[0m  [1m[35mDROP TABLE IF EXISTS "users" CASCADE /*application='Projects'*/[0m
  [1m[35m (5.5ms)[0m  [1m[35mCREATE TABLE "users" ("id" uuid DEFAULT gen_random_uuid() NOT NULL PRIMARY KEY, "created_at" timestamp(6) NOT NULL, "email" character varying, "first_name" character varying, "last_name" character varying, "password_digest" character varying, "patronymic" character varying, "phone" character varying, "role_id" bigint NOT NULL, "updated_at" timestamp(6) NOT NULL, "user_type" character varying) /*application='Projects'*/[0m
  [1m[35m (2.8ms)[0m  [1m[35mCREATE INDEX "index_users_on_role_id" ON "users" ("role_id") /*application='Projects'*/[0m
  [1m[35m (3.6ms)[0m  [1m[35mALTER TABLE "bookings" ADD CONSTRAINT "fk_rails_5779f034b0"
FOREIGN KEY ("hotel_id")
  REFERENCES "hotels" ("id")
 /*application='Projects'*/[0m
  [1m[35m (1.2ms)[0m  [1m[35mALTER TABLE "bookings" ADD CONSTRAINT "fk_rails_4fe21eabc6"
FOREIGN KEY ("room_id")
  REFERENCES "rooms" ("id")
 /*application='Projects'*/[0m
  [1m[35m (1.2ms)[0m  [1m[35mALTER TABLE "bookings" ADD CONSTRAINT "fk_rails_ef0571f117"
FOREIGN KEY ("user_id")
  REFERENCES "users" ("id")
 /*application='Projects'*/[0m
  [1m[35m (1.2ms)[0m  [1m[35mALTER TABLE "hotels" ADD CONSTRAINT "fk_rails_837b2d6554"
FOREIGN KEY ("manager_id")
  REFERENCES "users" ("id")
 /*application='Projects'*/[0m
  [1m[35m (1.7ms)[0m  [1m[35mALTER TABLE "role_permissions" ADD CONSTRAINT "fk_rails_439e640a3f"
FOREIGN KEY ("permission_id")
  REFERENCES "permissions" ("id")
 /*application='Projects'*/[0m
  [1m[35m (1.2ms)[0m  [1m[35mALTER TABLE "role_permissions" ADD CONSTRAINT "fk_rails_60126080bd"
FOREIGN KEY ("role_id")
  REFERENCES "roles" ("id")
 /*application='Projects'*/[0m
  [1m[35m (1.4ms)[0m  [1m[35mALTER TABLE "rooms" ADD CONSTRAINT "fk_rails_cae2c0f55d"
FOREIGN KEY ("hotel_id")
  REFERENCES "hotels" ("id")
 /*application='Projects'*/[0m
  [1m[35m (1.1ms)[0m  [1m[35mALTER TABLE "users" ADD CONSTRAINT "fk_rails_642f17018b"
FOREIGN KEY ("role_id")
  REFERENCES "roles" ("id")
 /*application='Projects'*/[0m
  [1m[35m (4.8ms)[0m  [1m[35mCREATE TABLE "schema_migrations" ("version" character varying NOT NULL PRIMARY KEY) /*application='Projects'*/[0m
  [1m[36mActiveRecord::SchemaMigration Load (0.3ms)[0m  [1m[34mSELECT "schema_migrations"."version" FROM "schema_migrations" ORDER BY "schema_migrations"."version" ASC /*application='Projects'*/[0m
  [1m[35m (1.3ms)[0m  [1m[32mINSERT INTO "schema_migrations" (version) VALUES (20260616171244) /*application='Projects'*/[0m
  [1m[35m (0.8ms)[0m  [1m[32mINSERT INTO "schema_migrations" (version) VALUES
(20260615131931),
(20260615131829),
(20260615131825),
(20260615131820),
(20260614120122),
(20260614120119),
(20260614120114),
(20260614120017); /*application='Projects'*/[0m
  [1m[35m (5.5ms)[0m  [1m[35mCREATE TABLE "ar_internal_metadata" ("key" character varying NOT NULL PRIMARY KEY, "value" character varying, "created_at" timestamp(6) NOT NULL, "updated_at" timestamp(6) NOT NULL) /*application='Projects'*/[0m
  [1m[36mActiveRecord::InternalMetadata Load (0.6ms)[0m  [1m[34mSELECT * FROM "ar_internal_metadata" WHERE "ar_internal_metadata"."key" = 'environment' ORDER BY "ar_internal_metadata"."key" ASC LIMIT 1 /*application='Projects'*/[0m
  [1m[36mActiveRecord::InternalMetadata Create (1.1ms)[0m  [1m[32mINSERT INTO "ar_internal_metadata" ("key", "value", "created_at", "updated_at") VALUES ('environment', 'development', '2026-06-16 17:46:47.146840', '2026-06-16 17:46:47.146843') RETURNING "key" /*application='Projects'*/[0m
  [1m[36mActiveRecord::InternalMetadata Load (0.2ms)[0m  [1m[34mSELECT * FROM "ar_internal_metadata" WHERE "ar_internal_metadata"."key" = 'environment' ORDER BY "ar_internal_metadata"."key" ASC LIMIT 1 /*application='Projects'*/[0m
  [1m[36mActiveRecord::InternalMetadata Load (0.2ms)[0m  [1m[34mSELECT * FROM "ar_internal_metadata" WHERE "ar_internal_metadata"."key" = 'schema_sha1' ORDER BY "ar_internal_metadata"."key" ASC LIMIT 1 /*application='Projects'*/[0m
  [1m[36mActiveRecord::InternalMetadata Create (0.8ms)[0m  [1m[32mINSERT INTO "ar_internal_metadata" ("key", "value", "created_at", "updated_at") VALUES ('schema_sha1', 'fb2e0fe06c1caecb0445aa824d1431d6d14cd834', '2026-06-16 17:46:47.151086', '2026-06-16 17:46:47.151089') RETURNING "key" /*application='Projects'*/[0m
  [1m[35m (0.4ms)[0m  [1m[34mSELECT pg_try_advisory_lock(2007751681948843530) /*application='Projects'*/[0m
  [1m[36mActiveRecord::SchemaMigration Load (0.2ms)[0m  [1m[34mSELECT "schema_migrations"."version" FROM "schema_migrations" ORDER BY "schema_migrations"."version" ASC /*application='Projects'*/[0m
  [1m[36mActiveRecord::InternalMetadata Load (0.3ms)[0m  [1m[34mSELECT * FROM "ar_internal_metadata" WHERE "ar_internal_metadata"."key" = 'environment' ORDER BY "ar_internal_metadata"."key" ASC LIMIT 1 /*application='Projects'*/[0m
Migrating to AddDeviseToUsers (20260616171803)
  [1m[36mTRANSACTION (0.3ms)[0m  [1m[35mBEGIN /*application='Projects'*/[0m
  [1m[35m (1.6ms)[0m  [1m[35mALTER TABLE "users" ADD "encrypted_password" character varying DEFAULT '' NOT NULL /*application='Projects'*/[0m
  [1m[35m (0.3ms)[0m  [1m[35mALTER TABLE "users" ADD "reset_password_token" character varying /*application='Projects'*/[0m
  [1m[35m (0.2ms)[0m  [1m[35mALTER TABLE "users" ADD "reset_password_sent_at" timestamp(6) /*application='Projects'*/[0m
  [1m[35m (0.2ms)[0m  [1m[35mALTER TABLE "users" ADD "remember_created_at" timestamp(6) /*application='Projects'*/[0m
  [1m[35m (3.6ms)[0m  [1m[35mCREATE UNIQUE INDEX "index_users_on_email" ON "users" ("email") /*application='Projects'*/[0m
  [1m[35m (3.6ms)[0m  [1m[35mCREATE UNIQUE INDEX "index_users_on_reset_password_token" ON "users" ("reset_password_token") /*application='Projects'*/[0m
  [1m[36mActiveRecord::SchemaMigration Create (0.4ms)[0m  [1m[32mINSERT INTO "schema_migrations" ("version") VALUES ('20260616171803') RETURNING "version" /*application='Projects'*/[0m
  [1m[36mTRANSACTION (0.9ms)[0m  [1m[35mCOMMIT /*application='Projects'*/[0m
  [1m[35m (0.3ms)[0m  [1m[34mSELECT pg_advisory_unlock(2007751681948843530) /*application='Projects'*/[0m
  [1m[36mActiveRecord::SchemaMigration Load (0.3ms)[0m  [1m[34mSELECT "schema_migrations"."version" FROM "schema_migrations" ORDER BY "schema_migrations"."version" ASC /*application='Projects'*/[0m
  [1m[35mSQL (0.1ms)[0m  [1m[35mSET search_path TO public /*application='Projects'*/[0m
  [1m[35mSQL (0.3ms)[0m  [1m[35mSET search_path TO "$user", public /*application='Projects'*/[0m
  [1m[35mSQL (0.3ms)[0m  [1m[35mSET search_path TO public /*application='Projects'*/[0m
  [1m[35mSQL (0.1ms)[0m  [1m[35mSET search_path TO "$user", public /*application='Projects'*/[0m
  [1m[36mActiveRecord::SchemaMigration Load (0.2ms)[0m  [1m[34mSELECT "schema_migrations"."version" FROM "schema_migrations" ORDER BY "schema_migrations"."version" ASC /*application='Projects'*/[0m
  [1m[36mPermission Load (1.1ms)[0m  [1m[34mSELECT "permissions".* FROM "permissions" WHERE "permissions"."key" = 'create_role_type' AND "permissions"."description" = 'Создание типов аккаунта' LIMIT 1 /*application='Projects'*/[0m
  [1m[36mTRANSACTION (0.2ms)[0m  [1m[35mBEGIN /*application='Projects'*/[0m
  [1m[36mPermission Create (0.5ms)[0m  [1m[32mINSERT INTO "permissions" ("created_at", "description", "key", "updated_at") VALUES ('2026-06-16 17:46:47.326991', 'Создание типов аккаунта', 'create_role_type', '2026-06-16 17:46:47.326991') RETURNING "id" /*application='Projects'*/[0m
  [1m[36mTRANSACTION (1.1ms)[0m  [1m[35mCOMMIT /*application='Projects'*/[0m
  [1m[36mPermission Load (0.3ms)[0m  [1m[34mSELECT "permissions".* FROM "permissions" WHERE "permissions"."key" = 'delete_role_type' AND "permissions"."description" = 'Удаление типов аккаунта' LIMIT 1 /*application='Projects'*/[0m
  [1m[36mTRANSACTION (0.2ms)[0m  [1m[35mBEGIN /*application='Projects'*/[0m
  [1m[36mPermission Create (1.3ms)[0m  [1m[32mINSERT INTO "permissions" ("created_at", "description", "key", "updated_at") VALUES ('2026-06-16 17:46:47.332381', 'Удаление типов аккаунта', 'delete_role_type', '2026-06-16 17:46:47.332381') RETURNING "id" /*application='Projects'*/[0m
  [1m[36mTRANSACTION (1.1ms)[0m  [1m[35mCOMMIT /*application='Projects'*/[0m
  [1m[36mPermission Load (0.3ms)[0m  [1m[34mSELECT "permissions".* FROM "permissions" WHERE "permissions"."key" = 'edit_role_permissions' AND "permissions"."description" = 'Изменение разрешений ролей' LIMIT 1 /*application='Projects'*/[0m
  [1m[36mTRANSACTION (0.2ms)[0m  [1m[35mBEGIN /*application='Projects'*/[0m
  [1m[36mPermission Create (1.7ms)[0m  [1m[32mINSERT INTO "permissions" ("created_at", "description", "key", "updated_at") VALUES ('2026-06-16 17:46:47.338092', 'Изменение разрешений ролей', 'edit_role_permissions', '2026-06-16 17:46:47.338092') RETURNING "id" /*application='Projects'*/[0m
  [1m[36mTRANSACTION (2.2ms)[0m  [1m[35mCOMMIT /*application='Projects'*/[0m
  [1m[36mPermission Load (0.4ms)[0m  [1m[34mSELECT "permissions".* FROM "permissions" WHERE "permissions"."key" = 'create_account' AND "permissions"."description" = 'Создание аккаунта' LIMIT 1 /*application='Projects'*/[0m
  [1m[36mTRANSACTION (0.2ms)[0m  [1m[35mBEGIN /*application='Projects'*/[0m
  [1m[36mPermission Create (1.4ms)[0m  [1m[32mINSERT INTO "permissions" ("created_at", "description", "key", "updated_at") VALUES ('2026-06-16 17:46:47.363861', 'Создание аккаунта', 'create_account', '2026-06-16 17:46:47.363861') RETURNING "id" /*application='Projects'*/[0m
  [1m[36mTRANSACTION (1.2ms)[0m  [1m[35mCOMMIT /*application='Projects'*/[0m
  [1m[36mPermission Load (0.3ms)[0m  [1m[34mSELECT "permissions".* FROM "permissions" WHERE "permissions"."key" = 'delete_account' AND "permissions"."description" = 'Удаление аккаунта' LIMIT 1 /*application='Projects'*/[0m
  [1m[36mTRANSACTION (0.3ms)[0m  [1m[35mBEGIN /*application='Projects'*/[0m
  [1m[36mPermission Create (3.5ms)[0m  [1m[32mINSERT INTO "permissions" ("created_at", "description", "key", "updated_at") VALUES ('2026-06-16 17:46:47.369653', 'Удаление аккаунта', 'delete_account', '2026-06-16 17:46:47.369653') RETURNING "id" /*application='Projects'*/[0m
  [1m[36mTRANSACTION (1.1ms)[0m  [1m[35mCOMMIT /*application='Projects'*/[0m
  [1m[36mPermission Load (0.3ms)[0m  [1m[34mSELECT "permissions".* FROM "permissions" WHERE "permissions"."key" = 'edit_account_variables' AND "permissions"."description" = 'Изменение переменных аккаунта' LIMIT 1 /*application='Projects'*/[0m
  [1m[36mTRANSACTION (0.2ms)[0m  [1m[35mBEGIN /*application='Projects'*/[0m
  [1m[36mPermission Create (1.5ms)[0m  [1m[32mINSERT INTO "permissions" ("created_at", "description", "key", "updated_at") VALUES ('2026-06-16 17:46:47.377773', 'Изменение переменных аккаунта', 'edit_account_variables', '2026-06-16 17:46:47.377773') RETURNING "id" /*application='Projects'*/[0m
  [1m[36mTRANSACTION (1.1ms)[0m  [1m[35mCOMMIT /*application='Projects'*/[0m
  [1m[36mPermission Load (0.3ms)[0m  [1m[34mSELECT "permissions".* FROM "permissions" WHERE "permissions"."key" = 'create_hotel' AND "permissions"."description" = 'Создание отеля' LIMIT 1 /*application='Projects'*/[0m
  [1m[36mTRANSACTION (0.3ms)[0m  [1m[35mBEGIN /*application='Projects'*/[0m
  [1m[36mPermission Create (1.9ms)[0m  [1m[32mINSERT INTO "permissions" ("created_at", "description", "key", "updated_at") VALUES ('2026-06-16 17:46:47.385622', 'Создание отеля', 'create_hotel', '2026-06-16 17:46:47.385622') RETURNING "id" /*application='Projects'*/[0m
  [1m[36mTRANSACTION (1.1ms)[0m  [1m[35mCOMMIT /*application='Projects'*/[0m
  [1m[36mPermission Load (0.4ms)[0m  [1m[34mSELECT "permissions".* FROM "permissions" WHERE "permissions"."key" = 'delete_hotel' AND "permissions"."description" = 'Удаление отеля' LIMIT 1 /*application='Projects'*/[0m
  [1m[36mTRANSACTION (0.2ms)[0m  [1m[35mBEGIN /*application='Projects'*/[0m
  [1m[36mPermission Create (1.5ms)[0m  [1m[32mINSERT INTO "permissions" ("created_at", "description", "key", "updated_at") VALUES ('2026-06-16 17:46:47.392098', 'Удаление отеля', 'delete_hotel', '2026-06-16 17:46:47.392098') RETURNING "id" /*application='Projects'*/[0m
  [1m[36mTRANSACTION (1.1ms)[0m  [1m[35mCOMMIT /*application='Projects'*/[0m
  [1m[36mPermission Load (0.4ms)[0m  [1m[34mSELECT "permissions".* FROM "permissions" WHERE "permissions"."key" = 'create_room' AND "permissions"."description" = 'Создание комнат' LIMIT 1 /*application='Projects'*/[0m
  [1m[36mTRANSACTION (0.2ms)[0m  [1m[35mBEGIN /*application='Projects'*/[0m
  [1m[36mPermission Create (1.5ms)[0m  [1m[32mINSERT INTO "permissions" ("created_at", "description", "key", "updated_at") VALUES ('2026-06-16 17:46:47.400186', 'Создание комнат', 'create_room', '2026-06-16 17:46:47.400186') RETURNING "id" /*application='Projects'*/[0m
  [1m[36mTRANSACTION (1.2ms)[0m  [1m[35mCOMMIT /*application='Projects'*/[0m
  [1m[36mPermission Load (0.3ms)[0m  [1m[34mSELECT "permissions".* FROM "permissions" WHERE "permissions"."key" = 'delete_room' AND "permissions"."description" = 'Удаление комнат' LIMIT 1 /*application='Projects'*/[0m
  [1m[36mTRANSACTION (0.2ms)[0m  [1m[35mBEGIN /*application='Projects'*/[0m
  [1m[36mPermission Create (9.0ms)[0m  [1m[32mINSERT INTO "permissions" ("created_at", "description", "key", "updated_at") VALUES ('2026-06-16 17:46:47.406387', 'Удаление комнат', 'delete_room', '2026-06-16 17:46:47.406387') RETURNING "id" /*application='Projects'*/[0m
  [1m[36mTRANSACTION (1.5ms)[0m  [1m[35mCOMMIT /*application='Projects'*/[0m
  [1m[36mPermission Load (0.6ms)[0m  [1m[34mSELECT "permissions".* FROM "permissions" WHERE "permissions"."key" = 'book_room' AND "permissions"."description" = 'Бронирование комнат' LIMIT 1 /*application='Projects'*/[0m
  [1m[36mTRANSACTION (0.2ms)[0m  [1m[35mBEGIN /*application='Projects'*/[0m
  [1m[36mPermission Create (4.4ms)[0m  [1m[32mINSERT INTO "permissions" ("created_at", "description", "key", "updated_at") VALUES ('2026-06-16 17:46:47.426114', 'Бронирование комнат', 'book_room', '2026-06-16 17:46:47.426114') RETURNING "id" /*application='Projects'*/[0m
  [1m[36mTRANSACTION (1.2ms)[0m  [1m[35mCOMMIT /*application='Projects'*/[0m
  [1m[36mPermission Load (0.4ms)[0m  [1m[34mSELECT "permissions".* FROM "permissions" WHERE "permissions"."key" = 'pay_booking' AND "permissions"."description" = 'Оплата бронирования' LIMIT 1 /*application='Projects'*/[0m
  [1m[36mTRANSACTION (0.2ms)[0m  [1m[35mBEGIN /*application='Projects'*/[0m
  [1m[36mPermission Create (5.4ms)[0m  [1m[32mINSERT INTO "permissions" ("created_at", "description", "key", "updated_at") VALUES ('2026-06-16 17:46:47.442824', 'Оплата бронирования', 'pay_booking', '2026-06-16 17:46:47.442824') RETURNING "id" /*application='Projects'*/[0m
  [1m[36mTRANSACTION (1.1ms)[0m  [1m[35mCOMMIT /*application='Projects'*/[0m
  [1m[36mPermission Load (0.4ms)[0m  [1m[34mSELECT "permissions".* FROM "permissions" WHERE "permissions"."key" = 'cancel_booking' AND "permissions"."description" = 'Отмена бронирования' LIMIT 1 /*application='Projects'*/[0m
  [1m[36mTRANSACTION (0.2ms)[0m  [1m[35mBEGIN /*application='Projects'*/[0m
  [1m[36mPermission Create (3.5ms)[0m  [1m[32mINSERT INTO "permissions" ("created_at", "description", "key", "updated_at") VALUES ('2026-06-16 17:46:47.461265', 'Отмена бронирования', 'cancel_booking', '2026-06-16 17:46:47.461265') RETURNING "id" /*application='Projects'*/[0m
  [1m[36mTRANSACTION (1.7ms)[0m  [1m[35mCOMMIT /*application='Projects'*/[0m
  [1m[36mPermission Load (0.5ms)[0m  [1m[34mSELECT "permissions".* FROM "permissions" WHERE "permissions"."key" = 'view_directories' AND "permissions"."description" = 'Просмотр списков отелей/комнат/бронирований' LIMIT 1 /*application='Projects'*/[0m
  [1m[36mTRANSACTION (0.7ms)[0m  [1m[35mBEGIN /*application='Projects'*/[0m
  [1m[36mPermission Create (2.0ms)[0m  [1m[32mINSERT INTO "permissions" ("created_at", "description", "key", "updated_at") VALUES ('2026-06-16 17:46:47.479528', 'Просмотр списков отелей/комнат/бронирований', 'view_directories', '2026-06-16 17:46:47.479528') RETURNING "id" /*application='Projects'*/[0m
  [1m[36mTRANSACTION (1.0ms)[0m  [1m[35mCOMMIT /*application='Projects'*/[0m
  [1m[36mPermission Load (0.2ms)[0m  [1m[34mSELECT "permissions".* FROM "permissions" WHERE "permissions"."key" = 'refund_payment' AND "permissions"."description" = 'Оформление возврата средств' LIMIT 1 /*application='Projects'*/[0m
  [1m[36mTRANSACTION (0.2ms)[0m  [1m[35mBEGIN /*application='Projects'*/[0m
  [1m[36mPermission Create (1.4ms)[0m  [1m[32mINSERT INTO "permissions" ("created_at", "description", "key", "updated_at") VALUES ('2026-06-16 17:46:47.485535', 'Оформление возврата средств', 'refund_payment', '2026-06-16 17:46:47.485535') RETURNING "id" /*application='Projects'*/[0m
  [1m[36mTRANSACTION (0.9ms)[0m  [1m[35mCOMMIT /*application='Projects'*/[0m
  [1m[36mPermission Load (1.0ms)[0m  [1m[34mSELECT "permissions".* FROM "permissions" WHERE "permissions"."key" = 'moderate_reviews' AND "permissions"."description" = 'Модерация отзывов' LIMIT 1 /*application='Projects'*/[0m
  [1m[36mTRANSACTION (0.2ms)[0m  [1m[35mBEGIN /*application='Projects'*/[0m
  [1m[36mPermission Create (1.3ms)[0m  [1m[32mINSERT INTO "permissions" ("created_at", "description", "key", "updated_at") VALUES ('2026-06-16 17:46:47.493426', 'Модерация отзывов', 'moderate_reviews', '2026-06-16 17:46:47.493426') RETURNING "id" /*application='Projects'*/[0m
  [1m[36mTRANSACTION (0.9ms)[0m  [1m[35mCOMMIT /*application='Projects'*/[0m
  [1m[36mPermission Load (0.2ms)[0m  [1m[34mSELECT "permissions".* FROM "permissions" WHERE "permissions"."key" = 'view_personal_data' AND "permissions"."description" = 'Просмотр персональных данных' LIMIT 1 /*application='Projects'*/[0m
  [1m[36mTRANSACTION (0.2ms)[0m  [1m[35mBEGIN /*application='Projects'*/[0m
  [1m[36mPermission Create (1.2ms)[0m  [1m[32mINSERT INTO "permissions" ("created_at", "description", "key", "updated_at") VALUES ('2026-06-16 17:46:47.498292', 'Просмотр персональных данных', 'view_personal_data', '2026-06-16 17:46:47.498292') RETURNING "id" /*application='Projects'*/[0m
  [1m[36mTRANSACTION (1.4ms)[0m  [1m[35mCOMMIT /*application='Projects'*/[0m
  [1m[36mRole Load (0.2ms)[0m  [1m[34mSELECT "roles".* FROM "roles" WHERE "roles"."name" = 'Администратор' AND "roles"."description" = 'Полный доступ к системе' LIMIT 1 /*application='Projects'*/[0m
  [1m[36mTRANSACTION (0.2ms)[0m  [1m[35mBEGIN /*application='Projects'*/[0m
  [1m[36mRole Create (0.6ms)[0m  [1m[32mINSERT INTO "roles" ("created_at", "description", "name", "updated_at") VALUES ('2026-06-16 17:46:47.512814', 'Полный доступ к системе', 'Администратор', '2026-06-16 17:46:47.512814') RETURNING "id" /*application='Projects'*/[0m
  [1m[36mTRANSACTION (1.1ms)[0m  [1m[35mCOMMIT /*application='Projects'*/[0m
  [1m[36mRole Load (0.3ms)[0m  [1m[34mSELECT "roles".* FROM "roles" WHERE "roles"."name" = 'Менеджер' AND "roles"."description" = 'Управление отелями и бронированиями' LIMIT 1 /*application='Projects'*/[0m
  [1m[36mTRANSACTION (0.2ms)[0m  [1m[35mBEGIN /*application='Projects'*/[0m
  [1m[36mRole Create (1.3ms)[0m  [1m[32mINSERT INTO "roles" ("created_at", "description", "name", "updated_at") VALUES ('2026-06-16 17:46:47.517511', 'Управление отелями и бронированиями', 'Менеджер', '2026-06-16 17:46:47.517511') RETURNING "id" /*application='Projects'*/[0m
  [1m[36mTRANSACTION (1.0ms)[0m  [1m[35mCOMMIT /*application='Projects'*/[0m
  [1m[36mRole Load (0.4ms)[0m  [1m[34mSELECT "roles".* FROM "roles" WHERE "roles"."name" = 'Клиент' AND "roles"."description" = 'Поиск и бронирование номеров' LIMIT 1 /*application='Projects'*/[0m
  [1m[36mTRANSACTION (0.1ms)[0m  [1m[35mBEGIN /*application='Projects'*/[0m
  [1m[36mRole Create (1.1ms)[0m  [1m[32mINSERT INTO "roles" ("created_at", "description", "name", "updated_at") VALUES ('2026-06-16 17:46:47.525122', 'Поиск и бронирование номеров', 'Клиент', '2026-06-16 17:46:47.525122') RETURNING "id" /*application='Projects'*/[0m
  [1m[36mTRANSACTION (0.9ms)[0m  [1m[35mCOMMIT /*application='Projects'*/[0m
  [1m[36mPermission Load (0.4ms)[0m  [1m[34mSELECT "permissions".* FROM "permissions" /*application='Projects'*/[0m
  [1m[36mPermission Load (0.5ms)[0m  [1m[34mSELECT "permissions".* FROM "permissions" INNER JOIN "role_permissions" ON "permissions"."id" = "role_permissions"."permission_id" WHERE "role_permissions"."role_id" = 1 /*application='Projects'*/[0m
  [1m[36mTRANSACTION (0.2ms)[0m  [1m[35mBEGIN /*application='Projects'*/[0m
  [1m[36mRolePermission Create (1.2ms)[0m  [1m[32mINSERT INTO "role_permissions" ("created_at", "permission_id", "role_id", "updated_at") VALUES ('2026-06-16 17:46:47.547152', 1, 1, '2026-06-16 17:46:47.547152') RETURNING "id" /*application='Projects'*/[0m
  [1m[36mRolePermission Create (0.3ms)[0m  [1m[32mINSERT INTO "role_permissions" ("created_at", "permission_id", "role_id", "updated_at") VALUES ('2026-06-16 17:46:47.550030', 2, 1, '2026-06-16 17:46:47.550030') RETURNING "id" /*application='Projects'*/[0m
  [1m[36mRolePermission Create (0.3ms)[0m  [1m[32mINSERT INTO "role_permissions" ("created_at", "permission_id", "role_id", "updated_at") VALUES ('2026-06-16 17:46:47.551778', 3, 1, '2026-06-16 17:46:47.551778') RETURNING "id" /*application='Projects'*/[0m
  [1m[36mRolePermission Create (0.3ms)[0m  [1m[32mINSERT INTO "role_permissions" ("created_at", "permission_id", "role_id", "updated_at") VALUES ('2026-06-16 17:46:47.553323', 4, 1, '2026-06-16 17:46:47.553323') RETURNING "id" /*application='Projects'*/[0m
  [1m[36mRolePermission Create (0.3ms)[0m  [1m[32mINSERT INTO "role_permissions" ("created_at", "permission_id", "role_id", "updated_at") VALUES ('2026-06-16 17:46:47.554996', 5, 1, '2026-06-16 17:46:47.554996') RETURNING "id" /*application='Projects'*/[0m
  [1m[36mRolePermission Create (0.3ms)[0m  [1m[32mINSERT INTO "role_permissions" ("created_at", "permission_id", "role_id", "updated_at") VALUES ('2026-06-16 17:46:47.556492', 6, 1, '2026-06-16 17:46:47.556492') RETURNING "id" /*application='Projects'*/[0m
  [1m[36mRolePermission Create (0.2ms)[0m  [1m[32mINSERT INTO "role_permissions" ("created_at", "permission_id", "role_id", "updated_at") VALUES ('2026-06-16 17:46:47.558171', 7, 1, '2026-06-16 17:46:47.558171') RETURNING "id" /*application='Projects'*/[0m
  [1m[36mRolePermission Create (1.1ms)[0m  [1m[32mINSERT INTO "role_permissions" ("created_at", "permission_id", "role_id", "updated_at") VALUES ('2026-06-16 17:46:47.568326', 8, 1, '2026-06-16 17:46:47.568326') RETURNING "id" /*application='Projects'*/[0m
  [1m[36mRolePermission Create (0.3ms)[0m  [1m[32mINSERT INTO "role_permissions" ("created_at", "permission_id", "role_id", "updated_at") VALUES ('2026-06-16 17:46:47.570911', 9, 1, '2026-06-16 17:46:47.570911') RETURNING "id" /*application='Projects'*/[0m
  [1m[36mRolePermission Create (0.2ms)[0m  [1m[32mINSERT INTO "role_permissions" ("created_at", "permission_id", "role_id", "updated_at") VALUES ('2026-06-16 17:46:47.572573', 10, 1, '2026-06-16 17:46:47.572573') RETURNING "id" /*application='Projects'*/[0m
  [1m[36mRolePermission Create (0.3ms)[0m  [1m[32mINSERT INTO "role_permissions" ("created_at", "permission_id", "role_id", "updated_at") VALUES ('2026-06-16 17:46:47.574016', 11, 1, '2026-06-16 17:46:47.574016') RETURNING "id" /*application='Projects'*/[0m
  [1m[36mRolePermission Create (0.6ms)[0m  [1m[32mINSERT INTO "role_permissions" ("created_at", "permission_id", "role_id", "updated_at") VALUES ('2026-06-16 17:46:47.575550', 12, 1, '2026-06-16 17:46:47.575550') RETURNING "id" /*application='Projects'*/[0m
  [1m[36mRolePermission Create (0.4ms)[0m  [1m[32mINSERT INTO "role_permissions" ("created_at", "permission_id", "role_id", "updated_at") VALUES ('2026-06-16 17:46:47.578800', 13, 1, '2026-06-16 17:46:47.578800') RETURNING "id" /*application='Projects'*/[0m
  [1m[36mRolePermission Create (0.3ms)[0m  [1m[32mINSERT INTO "role_permissions" ("created_at", "permission_id", "role_id", "updated_at") VALUES ('2026-06-16 17:46:47.580512', 14, 1, '2026-06-16 17:46:47.580512') RETURNING "id" /*application='Projects'*/[0m
  [1m[36mRolePermission Create (0.2ms)[0m  [1m[32mINSERT INTO "role_permissions" ("created_at", "permission_id", "role_id", "updated_at") VALUES ('2026-06-16 17:46:47.582399', 15, 1, '2026-06-16 17:46:47.582399') RETURNING "id" /*application='Projects'*/[0m
  [1m[36mRolePermission Create (0.3ms)[0m  [1m[32mINSERT INTO "role_permissions" ("created_at", "permission_id", "role_id", "updated_at") VALUES ('2026-06-16 17:46:47.583940', 16, 1, '2026-06-16 17:46:47.583940') RETURNING "id" /*application='Projects'*/[0m
  [1m[36mRolePermission Create (0.4ms)[0m  [1m[32mINSERT INTO "role_permissions" ("created_at", "permission_id", "role_id", "updated_at") VALUES ('2026-06-16 17:46:47.586750', 17, 1, '2026-06-16 17:46:47.586750') RETURNING "id" /*application='Projects'*/[0m
  [1m[36mTRANSACTION (1.2ms)[0m  [1m[35mCOMMIT /*application='Projects'*/[0m
  [1m[36mPermission Load (0.4ms)[0m  [1m[34mSELECT "permissions".* FROM "permissions" INNER JOIN "role_permissions" ON "permissions"."id" = "role_permissions"."permission_id" WHERE "role_permissions"."role_id" = 2 /*application='Projects'*/[0m
  [1m[36mTRANSACTION (0.2ms)[0m  [1m[35mBEGIN /*application='Projects'*/[0m
  [1m[36mRolePermission Create (1.4ms)[0m  [1m[32mINSERT INTO "role_permissions" ("created_at", "permission_id", "role_id", "updated_at") VALUES ('2026-06-16 17:46:47.591992', 9, 2, '2026-06-16 17:46:47.591992') RETURNING "id" /*application='Projects'*/[0m
  [1m[36mRolePermission Create (0.4ms)[0m  [1m[32mINSERT INTO "role_permissions" ("created_at", "permission_id", "role_id", "updated_at") VALUES ('2026-06-16 17:46:47.594737', 10, 2, '2026-06-16 17:46:47.594737') RETURNING "id" /*application='Projects'*/[0m
  [1m[36mRolePermission Create (0.3ms)[0m  [1m[32mINSERT INTO "role_permissions" ("created_at", "permission_id", "role_id", "updated_at") VALUES ('2026-06-16 17:46:47.597773', 13, 2, '2026-06-16 17:46:47.597773') RETURNING "id" /*application='Projects'*/[0m
  [1m[36mRolePermission Create (0.2ms)[0m  [1m[32mINSERT INTO "role_permissions" ("created_at", "permission_id", "role_id", "updated_at") VALUES ('2026-06-16 17:46:47.599435', 14, 2, '2026-06-16 17:46:47.599435') RETURNING "id" /*application='Projects'*/[0m
  [1m[36mTRANSACTION (1.2ms)[0m  [1m[35mCOMMIT /*application='Projects'*/[0m
  [1m[36mPermission Load (0.3ms)[0m  [1m[34mSELECT "permissions".* FROM "permissions" INNER JOIN "role_permissions" ON "permissions"."id" = "role_permissions"."permission_id" WHERE "role_permissions"."role_id" = 3 /*application='Projects'*/[0m
  [1m[36mTRANSACTION (0.2ms)[0m  [1m[35mBEGIN /*application='Projects'*/[0m
  [1m[36mRolePermission Create (2.1ms)[0m  [1m[32mINSERT INTO "role_permissions" ("created_at", "permission_id", "role_id", "updated_at") VALUES ('2026-06-16 17:46:47.604403', 11, 3, '2026-06-16 17:46:47.604403') RETURNING "id" /*application='Projects'*/[0m
  [1m[36mRolePermission Create (0.2ms)[0m  [1m[32mINSERT INTO "role_permissions" ("created_at", "permission_id", "role_id", "updated_at") VALUES ('2026-06-16 17:46:47.607855', 12, 3, '2026-06-16 17:46:47.607855') RETURNING "id" /*application='Projects'*/[0m
  [1m[36mRolePermission Create (0.3ms)[0m  [1m[32mINSERT INTO "role_permissions" ("created_at", "permission_id", "role_id", "updated_at") VALUES ('2026-06-16 17:46:47.610661', 13, 3, '2026-06-16 17:46:47.610661') RETURNING "id" /*application='Projects'*/[0m
  [1m[36mRolePermission Create (0.6ms)[0m  [1m[32mINSERT INTO "role_permissions" ("created_at", "permission_id", "role_id", "updated_at") VALUES ('2026-06-16 17:46:47.612283', 14, 3, '2026-06-16 17:46:47.612283') RETURNING "id" /*application='Projects'*/[0m
  [1m[36mTRANSACTION (1.2ms)[0m  [1m[35mCOMMIT /*application='Projects'*/[0m
  [1m[35m (0.1ms)[0m  [1m[34mSELECT pg_try_advisory_lock(2007751681948843530) /*application='Projects'*/[0m
  [1m[36mActiveRecord::SchemaMigration Load (0.8ms)[0m  [1m[34mSELECT "schema_migrations"."version" FROM "schema_migrations" ORDER BY "schema_migrations"."version" ASC /*application='Projects'*/[0m
  [1m[36mActiveRecord::InternalMetadata Load (0.9ms)[0m  [1m[34mSELECT * FROM "ar_internal_metadata" WHERE "ar_internal_metadata"."key" = 'environment' ORDER BY "ar_internal_metadata"."key" ASC LIMIT 1 /*application='Projects'*/[0m
  [1m[35m (0.3ms)[0m  [1m[34mSELECT pg_advisory_unlock(2007751681948843530) /*application='Projects'*/[0m
  [1m[36mActiveRecord::SchemaMigration Load (0.3ms)[0m  [1m[34mSELECT "schema_migrations"."version" FROM "schema_migrations" ORDER BY "schema_migrations"."version" ASC /*application='Projects'*/[0m
  [1m[35mSQL (0.1ms)[0m  [1m[35mSET search_path TO public /*application='Projects'*/[0m
  [1m[35mSQL (0.2ms)[0m  [1m[35mSET search_path TO "$user", public /*application='Projects'*/[0m
  [1m[35mSQL (0.1ms)[0m  [1m[35mSET search_path TO public /*application='Projects'*/[0m
  [1m[35mSQL (0.1ms)[0m  [1m[35mSET search_path TO "$user", public /*application='Projects'*/[0m
  [1m[36mActiveRecord::SchemaMigration Load (0.8ms)[0m  [1m[34mSELECT "schema_migrations"."version" FROM "schema_migrations" ORDER BY "schema_migrations"."version" ASC /*application='Projects'*/[0m
  [1m[36mPermission Load (0.4ms)[0m  [1m[34mSELECT "permissions".* FROM "permissions" WHERE "permissions"."key" = 'create_role_type' AND "permissions"."description" = 'Создание типов аккаунта' LIMIT 1 /*application='Projects'*/[0m
  [1m[36mPermission Load (0.3ms)[0m  [1m[34mSELECT "permissions".* FROM "permissions" WHERE "permissions"."key" = 'delete_role_type' AND "permissions"."description" = 'Удаление типов аккаунта' LIMIT 1 /*application='Projects'*/[0m
  [1m[36mPermission Load (0.2ms)[0m  [1m[34mSELECT "permissions".* FROM "permissions" WHERE "permissions"."key" = 'edit_role_permissions' AND "permissions"."description" = 'Изменение разрешений ролей' LIMIT 1 /*application='Projects'*/[0m
  [1m[36mPermission Load (0.2ms)[0m  [1m[34mSELECT "permissions".* FROM "permissions" WHERE "permissions"."key" = 'create_account' AND "permissions"."description" = 'Создание аккаунта' LIMIT 1 /*application='Projects'*/[0m
  [1m[36mPermission Load (0.3ms)[0m  [1m[34mSELECT "permissions".* FROM "permissions" WHERE "permissions"."key" = 'delete_account' AND "permissions"."description" = 'Удаление аккаунта' LIMIT 1 /*application='Projects'*/[0m
  [1m[36mPermission Load (0.8ms)[0m  [1m[34mSELECT "permissions".* FROM "permissions" WHERE "permissions"."key" = 'edit_account_variables' AND "permissions"."description" = 'Изменение переменных аккаунта' LIMIT 1 /*application='Projects'*/[0m
  [1m[36mPermission Load (0.5ms)[0m  [1m[34mSELECT "permissions".* FROM "permissions" WHERE "permissions"."key" = 'create_hotel' AND "permissions"."description" = 'Создание отеля' LIMIT 1 /*application='Projects'*/[0m
  [1m[36mPermission Load (0.2ms)[0m  [1m[34mSELECT "permissions".* FROM "permissions" WHERE "permissions"."key" = 'delete_hotel' AND "permissions"."description" = 'Удаление отеля' LIMIT 1 /*application='Projects'*/[0m
  [1m[36mPermission Load (0.3ms)[0m  [1m[34mSELECT "permissions".* FROM "permissions" WHERE "permissions"."key" = 'create_room' AND "permissions"."description" = 'Создание комнат' LIMIT 1 /*application='Projects'*/[0m
  [1m[36mPermission Load (0.2ms)[0m  [1m[34mSELECT "permissions".* FROM "permissions" WHERE "permissions"."key" = 'delete_room' AND "permissions"."description" = 'Удаление комнат' LIMIT 1 /*application='Projects'*/[0m
  [1m[36mPermission Load (0.3ms)[0m  [1m[34mSELECT "permissions".* FROM "permissions" WHERE "permissions"."key" = 'book_room' AND "permissions"."description" = 'Бронирование комнат' LIMIT 1 /*application='Projects'*/[0m
  [1m[36mPermission Load (0.2ms)[0m  [1m[34mSELECT "permissions".* FROM "permissions" WHERE "permissions"."key" = 'pay_booking' AND "permissions"."description" = 'Оплата бронирования' LIMIT 1 /*application='Projects'*/[0m
  [1m[36mPermission Load (0.2ms)[0m  [1m[34mSELECT "permissions".* FROM "permissions" WHERE "permissions"."key" = 'cancel_booking' AND "permissions"."description" = 'Отмена бронирования' LIMIT 1 /*application='Projects'*/[0m
  [1m[36mPermission Load (0.2ms)[0m  [1m[34mSELECT "permissions".* FROM "permissions" WHERE "permissions"."key" = 'view_directories' AND "permissions"."description" = 'Просмотр списков отелей/комнат/бронирований' LIMIT 1 /*application='Projects'*/[0m
  [1m[36mPermission Load (0.2ms)[0m  [1m[34mSELECT "permissions".* FROM "permissions" WHERE "permissions"."key" = 'refund_payment' AND "permissions"."description" = 'Оформление возврата средств' LIMIT 1 /*application='Projects'*/[0m
  [1m[36mPermission Load (0.2ms)[0m  [1m[34mSELECT "permissions".* FROM "permissions" WHERE "permissions"."key" = 'moderate_reviews' AND "permissions"."description" = 'Модерация отзывов' LIMIT 1 /*application='Projects'*/[0m
  [1m[36mPermission Load (0.2ms)[0m  [1m[34mSELECT "permissions".* FROM "permissions" WHERE "permissions"."key" = 'view_personal_data' AND "permissions"."description" = 'Просмотр персональных данных' LIMIT 1 /*application='Projects'*/[0m
  [1m[36mRole Load (0.3ms)[0m  [1m[34mSELECT "roles".* FROM "roles" WHERE "roles"."name" = 'Администратор' AND "roles"."description" = 'Полный доступ к системе' LIMIT 1 /*application='Projects'*/[0m
  [1m[36mRole Load (0.2ms)[0m  [1m[34mSELECT "roles".* FROM "roles" WHERE "roles"."name" = 'Менеджер' AND "roles"."description" = 'Управление отелями и бронированиями' LIMIT 1 /*application='Projects'*/[0m
  [1m[36mRole Load (0.2ms)[0m  [1m[34mSELECT "roles".* FROM "roles" WHERE "roles"."name" = 'Клиент' AND "roles"."description" = 'Поиск и бронирование номеров' LIMIT 1 /*application='Projects'*/[0m
  [1m[36mPermission Load (0.5ms)[0m  [1m[34mSELECT "permissions".* FROM "permissions" /*application='Projects'*/[0m
  [1m[36mPermission Load (1.2ms)[0m  [1m[34mSELECT "permissions".* FROM "permissions" INNER JOIN "role_permissions" ON "permissions"."id" = "role_permissions"."permission_id" WHERE "role_permissions"."role_id" = 1 /*application='Projects'*/[0m
  [1m[36mPermission Load (0.4ms)[0m  [1m[34mSELECT "permissions".* FROM "permissions" INNER JOIN "role_permissions" ON "permissions"."id" = "role_permissions"."permission_id" WHERE "role_permissions"."role_id" = 2 /*application='Projects'*/[0m
  [1m[36mPermission Load (0.3ms)[0m  [1m[34mSELECT "permissions".* FROM "permissions" INNER JOIN "role_permissions" ON "permissions"."id" = "role_permissions"."permission_id" WHERE "role_permissions"."role_id" = 3 /*application='Projects'*/[0m
  [1m[36mRole Load (0.7ms)[0m  [1m[34mSELECT "roles".* FROM "roles" WHERE "roles"."name" = 'Администратор' LIMIT 1 /*application='Projects'*/[0m
  [1m[36mTRANSACTION (0.3ms)[0m  [1m[35mBEGIN /*application='Projects'*/[0m
  [1m[36mUser Exists? (1.4ms)[0m  [1m[34mSELECT 1 AS one FROM "users" WHERE "users"."email" = 'admin@globook.com' LIMIT 1 /*application='Projects'*/[0m
  [1m[36mUser Create (1.7ms)[0m  [1m[32mINSERT INTO "users" ("created_at", "email", "first_name", "last_name", "password_digest", "patronymic", "phone", "role_id", "updated_at", "user_type", "encrypted_password", "reset_password_token", "reset_password_sent_at", "remember_created_at") VALUES ('2026-06-16 17:47:32.305732', 'admin@globook.com', 'Admin', 'Super', NULL, NULL, NULL, 1, '2026-06-16 17:47:32.305732', NULL, '$2a$12$cxSn67dPtEBLxh6qkETCCOtjGbiWESbdSTFBBxcJ086A3gy9om5uC', NULL, NULL, NULL) RETURNING "id" /*application='Projects'*/[0m
  [1m[36mTRANSACTION (1.0ms)[0m  [1m[35mCOMMIT /*application='Projects'*/[0m
  [1m[35m (0.1ms)[0m  [1m[34mSELECT pg_try_advisory_lock(2007751681948843530) /*application='Projects'*/[0m
  [1m[36mActiveRecord::SchemaMigration Load (0.6ms)[0m  [1m[34mSELECT "schema_migrations"."version" FROM "schema_migrations" ORDER BY "schema_migrations"."version" ASC /*application='Projects'*/[0m
  [1m[36mActiveRecord::InternalMetadata Load (0.6ms)[0m  [1m[34mSELECT * FROM "ar_internal_metadata" WHERE "ar_internal_metadata"."key" = 'environment' ORDER BY "ar_internal_metadata"."key" ASC LIMIT 1 /*application='Projects'*/[0m
Migrating to RemovePasswordDigestFromUsers (20260616175010)
  [1m[36mTRANSACTION (0.3ms)[0m  [1m[35mBEGIN /*application='Projects'*/[0m
  [1m[35m (2.4ms)[0m  [1m[35mALTER TABLE "users" DROP COLUMN "password_digest" /*application='Projects'*/[0m
  [1m[36mActiveRecord::SchemaMigration Create (0.2ms)[0m  [1m[32mINSERT INTO "schema_migrations" ("version") VALUES ('20260616175010') RETURNING "version" /*application='Projects'*/[0m
  [1m[36mTRANSACTION (1.0ms)[0m  [1m[35mCOMMIT /*application='Projects'*/[0m
  [1m[35m (0.2ms)[0m  [1m[34mSELECT pg_advisory_unlock(2007751681948843530) /*application='Projects'*/[0m
  [1m[36mActiveRecord::SchemaMigration Load (0.2ms)[0m  [1m[34mSELECT "schema_migrations"."version" FROM "schema_migrations" ORDER BY "schema_migrations"."version" ASC /*application='Projects'*/[0m
  [1m[35mSQL (0.1ms)[0m  [1m[35mSET search_path TO public /*application='Projects'*/[0m
  [1m[35mSQL (0.1ms)[0m  [1m[35mSET search_path TO "$user", public /*application='Projects'*/[0m
  [1m[35mSQL (0.1ms)[0m  [1m[35mSET search_path TO public /*application='Projects'*/[0m
  [1m[35mSQL (0.1ms)[0m  [1m[35mSET search_path TO "$user", public /*application='Projects'*/[0m
  [1m[36mUser Load (16.6ms)[0m  [1m[34mSELECT "users".* FROM "users" ORDER BY "users"."id" DESC LIMIT 1 /*application='Projects'*/[0m
